// Jest Snapshot v1, https://goo.gl/fbAQLP

exports[`<PeoplePicker /> when given only required prop matches its snapshot 1`] = `
<NormalPeoplePicker
  className="y-userpicker__container"
  createGenericItem={[Function]}
  onRenderItem={[Function]}
  onRenderSuggestionsItem={[Function]}
  onResolveSuggestions={[MockFunction]}
  pickerSuggestionsProps={
    Object {
      "className": "y-userpicker-suggestions__container",
    }
  }
/>
`;
