// Jest Snapshot v1, https://goo.gl/fbAQLP

exports[`<TextField /> with all options matches its snapshot 1`] = `
<StyledTextFieldBase
  aria-required={true}
  ariaLabel="ARIA_LABEL"
  className="y-textField y-textInput CLASS y-textField__with-prefix y-textField__with-suffix"
  componentRef={[Function]}
  description="true"
  disabled={true}
  errorMessage="ERROR MESSAGE"
  label="LABEL"
  maxLength={100}
  multiline={false}
  onBlur={[MockFunction onBlur]}
  onChange={[Function]}
  onFocus={[MockFunction onFocus]}
  onMouseEnter={[MockFunction onMouseEnter]}
  onMouseLeave={[MockFunction onMouseLeave]}
  onRenderDescription={[Function]}
  placeholder="PLACEHOLDER"
  prefix="PREFIX"
  resizable={false}
  suffix="SUFFIX"
  underlined={true}
  value="VALUE"
/>
`;

exports[`<TextField /> with default options matches its snapshot 1`] = `
<StyledTextFieldBase
  className="y-textField y-textInput"
  componentRef={[Function]}
  multiline={false}
  onChange={[Function]}
  onRenderDescription={[Function]}
  resizable={false}
/>
`;
