// Jest Snapshot v1, https://goo.gl/fbAQLP

exports[`<HighContrastSelector /> render matches its snapshot 1`] = `
<div
  className="y-highContrastSelector"
>
  <div
    className=

        {
          display: block;
        }
        @media screen and (-ms-high-contrast: active){& {
          display: none;
        }
  >
    ReactNode
  </div>
  <div
    className=

        {
          display: none;
        }
        @media screen and (-ms-high-contrast: active){& {
          display: block;
        }
  >
    High Contrast ReactNode
  </div>
</div>
`;
