// Jest Snapshot v1, https://goo.gl/fbAQLP

exports[`<Text /> with a valid size and maxWidth matches its snapshot 1`] = `<[object Object] />`;

exports[`<Text /> with a valid size matches its snapshot 1`] = `<[object Object] />`;

exports[`<Text /> with additional className matches its snapshot 1`] = `<[object Object] />`;

exports[`<Text /> with bold matches its snapshot 1`] = `<[object Object] />`;

exports[`<Text /> with color secondary matches its snapshot 1`] = `<[object Object] />`;

exports[`<Text /> with default options matches its snapshot 1`] = `<[object Object] />`;

exports[`<Text /> with maxWidth 500px matches its snapshot 1`] = `<[object Object] />`;

exports[`<Text /> with screenreader text empty string matches its snapshot 1`] = `<[object Object] />`;

exports[`<Text /> with screenreader text matches its snapshot 1`] = `<[object Object] />`;

exports[`<Text /> with uppercase matches its snapshot 1`] = `<[object Object] />`;
