// Jest Snapshot v1, https://goo.gl/fbAQLP

exports[`<ActionLinkList /> with items matches its snapshot 1`] = `
<LayoutList
  className=
      y-actionLinkList
      & .y-actionLink {
        padding-bottom: 0.6rem;
        padding-left: 0;
        padding-right: 0;
        padding-top: 0.2rem;
      }
  direction="vertical"
>
  <LayoutListItem
    key="0"
  >
    <ActionLink
      href="https://yammer.com"
      icon={[Function]}
      key="1"
      text="Download"
    />
  </LayoutListItem>
  <LayoutListItem
    key="1"
  >
    <ActionLink
      href="https://yammer.com"
      icon={[Function]}
      key="2"
      text="Upload"
    />
  </LayoutListItem>
</LayoutList>
`;
