// Jest Snapshot v1, https://goo.gl/fbAQLP

exports[`<Icon /> an Icon with additional className matches its snapshot 1`] = `<[object Object] />`;

exports[`<Icon /> an Icon with block matches its snapshot 1`] = `<[object Object] />`;

exports[`<Icon /> an Icon with color matches its snapshot 1`] = `<[object Object] />`;

exports[`<Icon /> an Icon with minimal options matches its snapshot 1`] = `<[object Object] />`;

exports[`<Icon /> an Icon with passed size value matches its snapshot 1`] = `<[object Object] />`;
