// Jest Snapshot v1, https://goo.gl/fbAQLP

exports[`<Heading /> with a level matches its snapshot 1`] = `
<h1
  className="y-heading"
>
  test content
</h1>
`;

exports[`<Heading /> with a size matches its snapshot 1`] = `
<h2
  className="y-heading y-heading__size-3"
>
  test content
</h2>
`;

exports[`<Heading /> with additional className matches its snapshot 1`] = `
<h4
  className="y-heading TEST_CLASSNAME"
>
  test content
</h4>
`;
