// Jest Snapshot v1, https://goo.gl/fbAQLP

exports[`<SuggestionsListItem /> when isSelected=true matches its snapshot 1`] = `
<div
  className=
      y-suggestionsListItem
      y-hc-select-on-hover
      y-hc-suppress-text-background
      y-hc-selected
      {
        background-color: #edeff2;
        cursor: pointer;
      }
      &:hover {
        background-color: #f3f5f8;
      }
  onMouseDown={[Function]}
  role="button"
>
  <SuggestionsListItemContent
    item={
      Object {
        "id": "1",
        "name": "John Smith",
        "template": "text",
      }
    }
    searchText="Joh"
  />
</div>
`;
